// Jest Snapshot v1, https://goo.gl/fbAQLP

exports[`Tests for channels.js getChannels should return a channelObject 1`] = `
Object {
  "P1": Object {
    "channeltype": "Rikskanal",
    "color": "31a1bd",
    "id": 132,
    "image": "https://static-cdn.sr.se/sida/images/132/2186745_512_512.jpg?preset=api-default-square",
    "imagetemplate": "https://static-cdn.sr.se/sida/images/132/2186745_512_512.jpg",
    "liveaudio": Object {
      "id": 132,
      "statkey": "/app/direkt/p1[k(132)]",
      "url": "https://sverigesradio.se/topsy/direkt/srapi/132.mp3",
    },
    "name": "P1",
    "scheduleurl": "https://api.sr.se/v2/scheduledepisodes?channelid=132",
    "siteurl": "https://sverigesradio.se/p1",
    "tagline": "Talat innehåll om samhälle, kultur och vetenskap. Kanalen erbjuder nyheter och aktualiteter, granskning och fördjupning men också livsåskådnings-och livsstilsprogram samt underhållning och upplevelser till exempel i form av teater.",
    "xmltvid": "p1.sr.se",
  },
  "P2": Object {
    "channeltype": "Rikskanal",
    "color": "ff5a00",
    "id": 163,
    "image": "https://static-cdn.sr.se/sida/images/163/2186754_512_512.jpg?preset=api-default-square",
    "imagetemplate": "https://static-cdn.sr.se/sida/images/163/2186754_512_512.jpg",
    "liveaudio": Object {
      "id": 163,
      "statkey": "/app/direkt/p2[k(163)]",
      "url": "https://sverigesradio.se/topsy/direkt/srapi/163.mp3",
    },
    "name": "P2",
    "scheduleurl": "https://api.sr.se/v2/scheduledepisodes?channelid=163",
    "siteurl": "https://sverigesradio.se/p2",
    "tagline": "P2 erbjuder konstmusik – klassisk såväl som nutida – improvisationsmusik och traditionsmusik, till exempel jazz eller världsmusik. P2 sänder på andra språk än svenska.",
    "xmltvid": "p2.sr.se",
  },
  "P3": Object {
    "channeltype": "Rikskanal",
    "color": "19a972",
    "id": 164,
    "image": "https://static-cdn.sr.se/sida/images/164/2186756_512_512.jpg?preset=api-default-square",
    "imagetemplate": "https://static-cdn.sr.se/sida/images/164/2186756_512_512.jpg",
    "liveaudio": Object {
      "id": 164,
      "statkey": "/app/direkt/p3[k(164)]",
      "url": "https://sverigesradio.se/topsy/direkt/srapi/164.mp3",
    },
    "name": "P3",
    "scheduleurl": "https://api.sr.se/v2/scheduledepisodes?channelid=164",
    "siteurl": "https://sverigesradio.se/p3",
    "tagline": "P3 är ung public service. Samhällsjournalistik, populärkultur, humor och relationer är bärande delar. P3 guidar till den nya musiken och lyfter fram nya svenska artister.",
    "xmltvid": "p3.sr.se",
  },
  "P4-BLEKINGE": Object {
    "channeltype": "Lokal kanal",
    "color": "c31eaa",
    "id": 213,
    "image": "https://static-cdn.sr.se/sida/images/213/2186760_512_512.jpg?preset=api-default-square",
    "imagetemplate": "https://static-cdn.sr.se/sida/images/213/2186760_512_512.jpg",
    "liveaudio": Object {
      "id": 213,
      "statkey": "/app/direkt/p4 blekinge[k(213)]",
      "url": "https://sverigesradio.se/topsy/direkt/srapi/213.mp3",
    },
    "name": "P4 Blekinge",
    "scheduleurl": "https://api.sr.se/v2/scheduledepisodes?channelid=213",
    "siteurl": "https://sverigesradio.se/blekinge/",
    "tagline": "Blekinge, P4 Blekinge, hela Blekinges lokala radiostation, Sverges Radio Blekinge",
    "xmltvid": "p4blek.sr.se",
  },
  "P4-DALARNA": Object {
    "channeltype": "Lokal kanal",
    "color": "c31eaa",
    "id": 223,
    "image": "https://static-cdn.sr.se/sida/images/223/2186762_512_512.jpg?preset=api-default-square",
    "imagetemplate": "https://static-cdn.sr.se/sida/images/223/2186762_512_512.jpg",
    "liveaudio": Object {
      "id": 223,
      "statkey": "/app/direkt/p4 dalarna[k(223)]",
      "url": "https://sverigesradio.se/topsy/direkt/srapi/223.mp3",
    },
    "name": "P4 Dalarna",
    "scheduleurl": "https://api.sr.se/v2/scheduledepisodes?channelid=223",
    "siteurl": "https://sverigesradio.se/dalarna/",
    "tagline": "mainchannel",
    "xmltvid": "p4dala.sr.se",
  },
  "P4-GOTLAND": Object {
    "channeltype": "Lokal kanal",
    "color": "c31eaa",
    "id": 205,
    "image": "https://static-cdn.sr.se/sida/images/205/2186764_512_512.jpg?preset=api-default-square",
    "imagetemplate": "https://static-cdn.sr.se/sida/images/205/2186764_512_512.jpg",
    "liveaudio": Object {
      "id": 205,
      "statkey": "/app/direkt/p4 gotland[k(205)]",
      "url": "https://sverigesradio.se/topsy/direkt/srapi/205.mp3",
    },
    "name": "P4 Gotland",
    "scheduleurl": "https://api.sr.se/v2/scheduledepisodes?channelid=205",
    "siteurl": "https://sverigesradio.se/gotland/",
    "tagline": "Mainchannel",
    "xmltvid": "p4gotl.sr.se",
  },
  "P4-GÄVLEBORG": Object {
    "channeltype": "Lokal kanal",
    "color": "c31eaa",
    "id": 210,
    "image": "https://static-cdn.sr.se/sida/images/210/2186766_512_512.jpg?preset=api-default-square",
    "imagetemplate": "https://static-cdn.sr.se/sida/images/210/2186766_512_512.jpg",
    "liveaudio": Object {
      "id": 210,
      "statkey": "/app/direkt/p4 gävleborg[k(210)]",
      "url": "https://sverigesradio.se/topsy/direkt/srapi/210.mp3",
    },
    "name": "P4 Gävleborg",
    "scheduleurl": "https://api.sr.se/v2/scheduledepisodes?channelid=210",
    "siteurl": "https://sverigesradio.se/gavleborg/",
    "tagline": "I P4 Gävleborg hör du lokala nyheter, lokala aktualiteter och lokal kultur. Du bjuds på en heltäckande, angelägen kanal där du bor.",
    "xmltvid": "p4gavl.sr.se",
  },
  "P4-GÖTEBORG": Object {
    "channeltype": "Lokal kanal",
    "color": "c31eaa",
    "id": 212,
    "image": "https://static-cdn.sr.se/sida/images/212/2186768_512_512.jpg?preset=api-default-square",
    "imagetemplate": "https://static-cdn.sr.se/sida/images/212/2186768_512_512.jpg",
    "liveaudio": Object {
      "id": 212,
      "statkey": "/app/direkt/p4 göteborg[k(212)]",
      "url": "https://sverigesradio.se/topsy/direkt/srapi/212.mp3",
    },
    "name": "P4 Göteborg",
    "scheduleurl": "https://api.sr.se/v2/scheduledepisodes?channelid=212",
    "siteurl": "https://sverigesradio.se/goteborg/",
    "tagline": "Göteborg",
    "xmltvid": "p4gbg.sr.se",
  },
  "P4-HALLAND": Object {
    "channeltype": "Lokal kanal",
    "color": "c31eaa",
    "id": 220,
    "image": "https://static-cdn.sr.se/sida/images/220/2186771_512_512.jpg?preset=api-default-square",
    "imagetemplate": "https://static-cdn.sr.se/sida/images/220/2186771_512_512.jpg",
    "liveaudio": Object {
      "id": 220,
      "statkey": "/app/direkt/p4 halland[k(220)]",
      "url": "https://sverigesradio.se/topsy/direkt/srapi/220.mp3",
    },
    "name": "P4 Halland",
    "scheduleurl": "https://api.sr.se/v2/scheduledepisodes?channelid=220",
    "siteurl": "https://sverigesradio.se/halland/",
    "tagline": "Halland",
    "xmltvid": "p4hall.sr.se",
  },
  "P4-JÄMTLAND": Object {
    "channeltype": "Lokal kanal",
    "color": "c31eaa",
    "id": 200,
    "image": "https://static-cdn.sr.se/sida/images/200/2186775_512_512.jpg?preset=api-default-square",
    "imagetemplate": "https://static-cdn.sr.se/sida/images/200/2186775_512_512.jpg",
    "liveaudio": Object {
      "id": 200,
      "statkey": "/app/direkt/p4 jämtland[k(200)]",
      "url": "https://sverigesradio.se/topsy/direkt/srapi/200.mp3",
    },
    "name": "P4 Jämtland",
    "scheduleurl": "https://api.sr.se/v2/scheduledepisodes?channelid=200",
    "siteurl": "https://sverigesradio.se/jamtland/",
    "tagline": "Sveriges Radio Jämtland, SR Jämtland",
    "xmltvid": "p4jmtl.sr.se",
  },
}
`;
